============================= test session starts =============================
platform win32 -- Python 3.11.5, pytest-9.0.1, pluggy-1.6.0
rootdir: D:\url-shortener\backend
plugins: anyio-4.6.2, langsmith-0.3.18
collected 0 items / 1 error

=================================== ERRORS ====================================
_____________________ ERROR collecting tests/test_app.py ______________________
ImportError while importing test module 'D:\url-shortener\backend\tests\test_app.py'.
Hint: make sure your test modules/packages have valid Python names.
Traceback:
C:\ProgramData\miniconda3\Lib\importlib\__init__.py:126: in import_module
    return _bootstrap._gcd_import(name[level:], package, level)
           ^^^^^^^^^^^^^^^^^^^^^^^^^^^^^^^^^^^^^^^^^^^^^^^^^^^^
tests\test_app.py:4: in <module>
    from app import create_app
E   ModuleNotFoundError: No module named 'app'
=========================== short test summary info ===========================
ERROR tests/test_app.py
!!!!!!!!!!!!!!!!!!! Interrupted: 1 error during collection !!!!!!!!!!!!!!!!!!!!
============================== 1 error in 0.27s ===============================
